$x=0;
$y=0;
foreach $i (0..191) {
    q_fwd_tbl0_ren[$x][$y]          >> ppe_stm_rx_fwd_tbl0_$i$_rd_en
    q_fwd_tbl0_wen[$x][$y]          >> ppe_stm_rx_fwd_tbl0_$i$_wr_en
    fwd_tbl0_addr[$x][$y]           >> ppe_stm_rx_fwd_tbl0_$i$_adr
    fwd_tbl0_rdata[$x][$y][71:0]    >> ppe_stm_rx_fwd_tbl0_$i$_rd_data
    q_fwd_tbl0_wdata[$y][71:0]      >> ppe_stm_rx_fwd_tbl0_$i$_wr_data
    if($y == 3) {
        $x=$x+1;
        $y=0;
    }
    else {
        $y=$y+1;
    }
    >> PPE_STM_RX_FWD_TBL0_$i$_CFG_reg_sel
    >> PPE_STM_RX_FWD_TBL0_$i$_STATUS_reg_sel
    >> ppe_stm_rx_fwd_tbl0_$i$_mem_ls_enter
    >> ppe_stm_rx_fwd_tbl0_$i$_rd_valid
    >> ppe_stm_rx_fwd_tbl0_$i$_ecc_uncor_err
    >> ppe_stm_rx_fwd_tbl0_$i$_init_done
}

$x=0;
$y=0;
foreach $i (0..63) {
    q_fwd_tbl1_ren[$x][$y]          >> ppe_stm_rx_fwd_tbl1_$i$_rd_en
    q_fwd_tbl1_wen[$x][$y]          >> ppe_stm_rx_fwd_tbl1_$i$_wr_en
    fwd_tbl1_addr[$x][$y]           >> ppe_stm_rx_fwd_tbl1_$i$_adr
    fwd_tbl1_rdata[$x][$y][71:0]    >> ppe_stm_rx_fwd_tbl1_$i$_rd_data
    q_fwd_tbl1_wdata[$y][71:0]      >> ppe_stm_rx_fwd_tbl1_$i$_wr_data
    if($y == 3) {
        $x=$x+1;
        $y=0;
    }
    else {
        $y=$y+1;
    }
    >> PPE_STM_RX_FWD_TBL1_$i$_CFG_reg_sel
    >> PPE_STM_RX_FWD_TBL1_$i$_STATUS_reg_sel
    >> ppe_stm_rx_fwd_tbl1_$i$_mem_ls_enter
    >> ppe_stm_rx_fwd_tbl1_$i$_ecc_uncor_err
    >> ppe_stm_rx_fwd_tbl1_$i$_init_done
    >> ppe_stm_rx_fwd_tbl1_$i$_rd_valid
}

    >> PPE_STM_RX_ECC_COR_ERR_reg_sel
    >> PPE_STM_RX_ECC_UNCOR_ERR_reg_sel
    >> unified_regs_rd
    >> unified_regs_wr_data
    >> unified_regs_ack
    >> unified_regs_rd_data
    >> ppe_stm_rx_ecc_int
    >> ppe_stm_rx_init_done

cclk    >> clk
reset_n >> reset_n
