######## IP Build Summary Report #######
########################################
#Info only 
########################################
ip_top_module_name = mby_gmm_s
KitVendor          = Intel
KitLibrary         = Intel
ip_version         = 1.0

########################################
# RTL Parameters (info only)
########################################
#RTL Parameter	Value

########################################
# Ports with PortWidth and PortDirection (info only)
########################################
#Port_name	PortWidth	Port_Direction
cclk	1		in
mby_deque_from_egr_left	[(@work.mby_gmm_pkg.MBY_MAX_NUM_MGP-1):0]		in
mby_deque_from_egr_right	[(@work.mby_gmm_pkg.MBY_MAX_NUM_MGP-1):0]		in
mby_deque_from_vp	1		in
mc_deep_q_wr	[(@work.mby_gmm_pkg.MBY_MAX_NUM_MGP-1):0]		in
mc_tag_ring_out_left	[3:0]		out
mc_tag_ring_out_right	[3:0]		out
pod_ring_left_in	1		in
pod_ring_left_out	1		out
pod_ring_right_in	1		in
pod_ring_right_out	1		out
pod_ring_stall_left_out	1		out
pod_ring_stall_right_out	1		out
reset_n	1		in
rx_cm_sm_wm_out_left	1		out
rx_cm_sm_wm_out_right	1		out
rx_cm_wm_out_left	1		out
rx_cm_wm_out_right	1		out
tag_ring_in_0	[(@work.mby_gmm_pkg.MBY_MAX_NUM_MGP-1):0]		in
tag_ring_in_1	[(@work.mby_gmm_pkg.MBY_MAX_NUM_MGP-1):0]		in
tag_ring_in_policer_idx_0	[(@work.mby_gmm_pkg.MBY_MAX_NUM_MGP-1):0]		in
tag_ring_in_policer_idx_1	[(@work.mby_gmm_pkg.MBY_MAX_NUM_MGP-1):0]		in
tag_ring_out_0	[(@work.mby_gmm_pkg.MBY_MAX_NUM_MGP-1):0]		out
tag_ring_out_1	[(@work.mby_gmm_pkg.MBY_MAX_NUM_MGP-1):0]		out
tx_cm_sm_wm_out_left	1		out
tx_cm_sm_wm_out_right	1		out
tx_cm_wm_out_left	1		out
tx_cm_wm_out_right	1		out

########################################
# Non-standard Interfaces Ports (info only)
########################################
cclk
mby_deque_from_egr_left
mby_deque_from_egr_right
mby_deque_from_vp
mc_deep_q_wr
mc_tag_ring_out_left
mc_tag_ring_out_right
pod_ring_left_in
pod_ring_left_out
pod_ring_right_in
pod_ring_right_out
pod_ring_stall_left_out
pod_ring_stall_right_out
reset_n
rx_cm_sm_wm_out_left
rx_cm_sm_wm_out_right
rx_cm_wm_out_left
rx_cm_wm_out_right
tag_ring_in_0
tag_ring_in_1
tag_ring_in_policer_idx_0
tag_ring_in_policer_idx_1
tag_ring_out_0
tag_ring_out_1
tx_cm_sm_wm_out_left
tx_cm_sm_wm_out_right
tx_cm_wm_out_left
tx_cm_wm_out_right

#########################################################################
# Non-standard Interfaces Ports with IfUnconnected attribute 
#########################################################################

#########################################################################
# Non-standard Interfaces Ports with user defined tags 
#########################################################################

#########################################################################
# Statistics                                                            
# Num Standard               : 0                                 
# Num AdHoc                  : 28                               
# Num AdHoc (attribute)      : 0                          
# Num AdHoc (user tagged)    : 0                          
#########################################################################
