######## IP Build Summary Report #######
########################################
#Info only 
########################################
ip_top_module_name = mby_gmm_n
KitVendor          = Intel
KitLibrary         = Intel
ip_version         = 1.0

########################################
# RTL Parameters (info only)
########################################
#RTL Parameter	Value

########################################
# Ports with PortWidth and PortDirection (info only)
########################################
#Port_name	PortWidth	Port_Direction
cclk	1		in
mby_deque_from_vp	1		out
mc_tag_ring_in	[3:0]		in
pod_ring_stall_in	1		in
reset_n	1		in
tag_ring_in_0	[(@work.mby_gmm_pkg.MBY_MAX_NUM_MGP-1):0]		in
tag_ring_in_1	[(@work.mby_gmm_pkg.MBY_MAX_NUM_MGP-1):0]		in

########################################
# Non-standard Interfaces Ports (info only)
########################################
cclk
mby_deque_from_vp
mc_tag_ring_in
pod_ring_stall_in
reset_n
tag_ring_in_0
tag_ring_in_1

#########################################################################
# Non-standard Interfaces Ports with IfUnconnected attribute 
#########################################################################

#########################################################################
# Non-standard Interfaces Ports with user defined tags 
#########################################################################

#########################################################################
# Statistics                                                            
# Num Standard               : 0                                 
# Num AdHoc                  : 7                               
# Num AdHoc (attribute)      : 0                          
# Num AdHoc (user tagged)    : 0                          
#########################################################################
