// Placeholder

$y = $iteration;

epl0_igr$y$_rx_data_valid       >> epl0_igr_rx_data_valid                
epl0_igr$y$_rx_data_w_ecc       >> epl0_igr_rx_data_w_ecc                
epl0_igr$y$_rx_ecc              >> epl0_igr_rx_ecc                       
epl0_igr$y$_rx_flow_control_tc  >> epl0_igr_rx_flow_control_tc           
epl0_igr$y$_rx_metadata         >> epl0_igr_rx_metadata                  
epl0_igr$y$_rx_pfc_xoff         >> epl0_igr_rx_pfc_xoff                  
epl0_igr$y$_rx_port_num         >> epl0_igr_rx_port_num                  
epl0_igr$y$_rx_time_stamp       >> epl0_igr_rx_time_stamp                
epl1_igr$y$_rx_data_valid       >> epl1_igr_rx_data_valid                
epl1_igr$y$_rx_data_w_ecc       >> epl1_igr_rx_data_w_ecc                
epl1_igr$y$_rx_ecc              >> epl1_igr_rx_ecc                       
epl1_igr$y$_rx_flow_control_tc  >> epl1_igr_rx_flow_control_tc           
epl1_igr$y$_rx_metadata         >> epl1_igr_rx_metadata                  
epl1_igr$y$_rx_pfc_xoff         >> epl1_igr_rx_pfc_xoff                  
epl1_igr$y$_rx_port_num         >> epl1_igr_rx_port_num                  
epl1_igr$y$_rx_time_stamp       >> epl1_igr_rx_time_stamp                
epl2_igr$y$_rx_data_valid       >> epl2_igr_rx_data_valid                
epl2_igr$y$_rx_data_w_ecc       >> epl2_igr_rx_data_w_ecc                
epl2_igr$y$_rx_ecc              >> epl2_igr_rx_ecc                       
epl2_igr$y$_rx_flow_control_tc  >> epl2_igr_rx_flow_control_tc           
epl2_igr$y$_rx_metadata         >> epl2_igr_rx_metadata                  
epl2_igr$y$_rx_pfc_xoff         >> epl2_igr_rx_pfc_xoff                  
epl2_igr$y$_rx_port_num         >> epl2_igr_rx_port_num                  
epl2_igr$y$_rx_time_stamp       >> epl2_igr_rx_time_stamp                
epl3_igr$y$_rx_data_valid       >> epl3_igr_rx_data_valid                
epl3_igr$y$_rx_data_w_ecc       >> epl3_igr_rx_data_w_ecc                
epl3_igr$y$_rx_ecc              >> epl3_igr_rx_ecc                       
epl3_igr$y$_rx_flow_control_tc  >> epl3_igr_rx_flow_control_tc           
epl3_igr$y$_rx_metadata         >> epl3_igr_rx_metadata                  
epl3_igr$y$_rx_pfc_xoff         >> epl3_igr_rx_pfc_xoff                  
epl3_igr$y$_rx_port_num         >> epl3_igr_rx_port_num                  
epl3_igr$y$_rx_time_stamp       >> epl3_igr_rx_time_stamp                
igr$y$_vp_cpp_rx_metadata       >> igr_vp_cpp_rx_metadata                    
igr$y$_vp_rx_data_valid         >> igr_vp_rx_data_valid                      
igr$y$_vp_rx_data_w_ecc         >> igr_vp_rx_data_w_ecc                      
igr$y$_vp_rx_ecc                >> igr_vp_rx_ecc                             
igr$y$_vp_rx_flow_control_tc    >> igr_vp_rx_flow_control_tc                 
igr$y$_vp_rx_metadata           >> igr_vp_rx_metadata                        
igr$y$_vp_rx_port_num           >> igr_vp_rx_port_num                        
igr$y$_vp_rx_time_stamp         >> igr_vp_rx_time_stamp                      
egr$y$_ahb_if                   >> egr_ahb_if                                
ahb$y$_rx_ppe_if                >> ahb_rx_ppe_if                         
ahb$y$_txppe0_if                >> ahb_txppe0_if                         
ahb$y$_txppe1_if                >> ahb_txppe1_if                         
egr_$epl0$_if                   >> egr_epl0_if                               
egr_$epl1$_if                   >> egr_epl1_if                               
egr_$epl2$_if                   >> egr_epl2_if                               
egr_$epl3$_if                   >> egr_epl3_if                               
glb$y$_rx_ppe_if                >> glb_rx_ppe_if                         
glb$y$_txppe0_if                >> glb_txppe0_if                         
glb$y$_txppe1_if                >> glb_txppe1_if                         
egr$y$_mc_table_if0             >> egr_mc_table_if0                          
egr$y$_mc_table_if1             >> egr_mc_table_if1                          
egr$y$_pod_if                   >> egr_pod_if                                
egr$y$_ppestm_if0               >> egr_ppestm_if0                           
egr$y$_ppestm_if1               >> egr_ppestm_if1                           
egr$y$_smm_readarb_if           >> egr_smm_readarb_if                        
egr$y$_smm_writearb_if          >> egr_smm_writearb_if                       
egr$y$_statsmgmt_if             >> egr_statsmgmt_if                          
egr$y$_tagring_if               >> egr_tagring_if                            
egr$y$_vp_if0                   >> egr_vp_if0                                
egr$y$_vp_if1                   >> egr_vp_if1                                
igr$y$_vp_tx_pfc_xoff           >> igr_vp_tx_pfc_xoff
