// Placeholder

cclk                  >> clk

egr_igr_if            >> igr_if
egr_pod_if            >> pod_if
egr_ahb_if            >> ahb_if
//egr_smm_writearb_if   >> smm_writearb_if
egr_smm_readarb_if0   >> smm_readarb_if0
egr_smm_readarb_if1   >> smm_readarb_if1
egr_smm_readarb_if2   >> smm_readarb_if2
egr_smm_readarb_if3   >> smm_readarb_if3
egr_smm_readarb_if4   >> smm_readarb_if4
egr_smm_readarb_if5   >> smm_readarb_if5
//egr_tagring_if0       >> tagring_if0
//egr_tagring_if1       >> tagring_if1
//egr_tagring_if2       >> tagring_if2
//egr_tagring_if3       >> tagring_if3
//egr_tagring_if4       >> tagring_if4
//egr_tagring_if5       >> tagring_if5
//egr_tagring_if6       >> tagring_if6
//egr_tagring_if7       >> tagring_if7
//egr_tagring_if8       >> tagring_if8
//egr_tagring_if9       >> tagring_if9
//egr_tagring_if10      >> tagring_if10
//egr_tagring_if11      >> tagring_if11
//egr_tagring_if12      >> tagring_if12
//egr_tagring_if13      >> tagring_if13
//egr_tagring_if14      >> tagring_if14
//egr_tagring_if15      >> tagring_if15
//egr_tagring_if16      >> tagring_if16
//egr_tagring_if17      >> tagring_if17
//egr_tagring_if18      >> tagring_if18
//egr_tagring_if19      >> tagring_if19
//egr_tagring_if20      >> tagring_if20
//egr_tagring_if21      >> tagring_if21
//egr_tagring_if22      >> tagring_if22
//egr_tagring_if23      >> tagring_if23
//egr_tagring_if24      >> tagring_if24
//egr_tagring_if25      >> tagring_if25
//egr_tagring_if26      >> tagring_if26
//egr_tagring_if27      >> tagring_if27
//egr_tagring_if28      >> tagring_if28
//egr_tagring_if29      >> tagring_if29
//egr_tagring_if30      >> tagring_if30
//egr_tagring_if31      >> tagring_if31
egr_tagring_if0_0     >> tagring_if0_0
egr_tagring_if0_1     >> tagring_if0_1
egr_tagring_if1_0     >> tagring_if1_0
egr_tagring_if1_1     >> tagring_if1_1
egr_tagring_if2_0     >> tagring_if2_0
egr_tagring_if2_1     >> tagring_if2_1
egr_tagring_if3_0     >> tagring_if3_0
egr_tagring_if3_1     >> tagring_if3_1
egr_tagring_if4_0     >> tagring_if4_0
egr_tagring_if4_1     >> tagring_if4_1
egr_tagring_if5_0     >> tagring_if5_0
egr_tagring_if5_1     >> tagring_if5_1
egr_tagring_if6_0     >> tagring_if6_0
egr_tagring_if6_1     >> tagring_if6_1
egr_tagring_if7_0     >> tagring_if7_0
egr_tagring_if7_1     >> tagring_if7_1
egr_tagring_if8_0     >> tagring_if8_0
egr_tagring_if8_1     >> tagring_if8_1
egr_tagring_if9_0     >> tagring_if9_0
egr_tagring_if9_1     >> tagring_if9_1
egr_tagring_if10_0    >> tagring_if10_0
egr_tagring_if10_1    >> tagring_if10_1
egr_tagring_if11_0    >> tagring_if11_0
egr_tagring_if11_1    >> tagring_if11_1
egr_tagring_if12_0    >> tagring_if12_0
egr_tagring_if12_1    >> tagring_if12_1
egr_tagring_if13_0    >> tagring_if13_0
egr_tagring_if13_1    >> tagring_if13_1
egr_tagring_if14_0    >> tagring_if14_0
egr_tagring_if14_1    >> tagring_if14_1
egr_tagring_if15_0    >> tagring_if15_0
egr_tagring_if15_1    >> tagring_if15_1 
egr_mce_tagring_if0   >> mce_tagring_if0
egr_mce_tagring_if1   >> mce_tagring_if1
egr_mce_tagring_if2   >> mce_tagring_if2
egr_mce_tagring_if3   >> mce_tagring_if3
//egr_statsmgmt_if      >> statsmgmt_if
egr_txppe0_if         >> tx_ppe_if0
egr_txppe1_if         >> tx_ppe_if1
egr_ppestm_if         >> ppe_stm_if
egr_epl0_if           >> epl_if0
egr_epl1_if           >> epl_if1
egr_epl2_if           >> epl_if2
egr_epl3_if           >> epl_if3
egr_mc_table_if0      >> mc_table_if0
egr_mc_table_if1      >> mc_table_if1


