// Placeholder

$y = $iteration;
$x = $y * 2;  // 0,2
$z = $x + 1;  // 1,3

//-- Break out multi-dimensional arrays.
\{grp_a$y$_rx0_data_w_ecc[71:0], grp_a$y$_rx1_data_w_ecc[71:0], grp_a$y$_rx2_data_w_ecc[71:0], grp_a$y$_rx3_data_w_ecc[71:0], grp_a$y$_rx4_data_w_ecc[71:0], grp_a$y$_rx5_data_w_ecc[71:0], grp_a$y$_rx6_data_w_ecc[71:0], grp_a$y$_rx7_data_w_ecc[71:0]\}  >> grp_a_rx_data_w_ecc

\{grp_b$y$_rx0_data_w_ecc[71:0], grp_b$y$_rx1_data_w_ecc[71:0], grp_b$y$_rx2_data_w_ecc[71:0], grp_b$y$_rx3_data_w_ecc[71:0], grp_b$y$_rx4_data_w_ecc[71:0], grp_b$y$_rx5_data_w_ecc[71:0], grp_b$y$_rx6_data_w_ecc[71:0], grp_b$y$_rx7_data_w_ecc[71:0]\}  >> grp_b_rx_data_w_ecc

\{grp_c$y$_rx0_data_w_ecc[71:0], grp_c$y$_rx1_data_w_ecc[71:0], grp_c$y$_rx2_data_w_ecc[71:0], grp_c$y$_rx3_data_w_ecc[71:0], grp_c$y$_rx4_data_w_ecc[71:0], grp_c$y$_rx5_data_w_ecc[71:0], grp_c$y$_rx6_data_w_ecc[71:0], grp_c$y$_rx7_data_w_ecc[71:0]\}  >> grp_c_rx_data_w_ecc

\{grp_d$y$_rx0_data_w_ecc[71:0], grp_d$y$_rx1_data_w_ecc[71:0], grp_d_rx2$y$_data_w_ecc[71:0], grp_d$y$_rx3_data_w_ecc[71:0], grp_d$y$_rx4_data_w_ecc[71:0], grp_d$y$_rx5_data_w_ecc[71:0], grp_d$y$_rx6_data_w_ecc[71:0], grp_d$y$_rx7_data_w_ecc[71:0]\}  >> grp_d_rx_data_w_ecc

\{igr$y$_vp_rx0_data_w_ecc[71:0], igr$y$_vp_rx1_data_w_ecc[71:0], igr$y$_vp_rx2_data_w_ecc[71:0], igr$y$_vp_rx3_data_w_ecc[71:0], igr$y$_vp_rx4_data_w_ecc[71:0], igr$y$_vp_rx5_data_w_ecc[71:0], igr$y$_vp_rx6_data_w_ecc[71:0], igr$y$_vp_rx7_data_w_ecc[71:0]\}  >> igr_vp_rx_data_w_ecc

grp_a$y$_rx_data_valid       >> grp_a_rx_data_valid                
grp_a$y$_rx_ecc              >> grp_a_rx_ecc                       
grp_a$y$_rx_flow_control_tc  >> grp_a_rx_flow_control_tc           
grp_a$y$_rx_metadata         >> grp_a_rx_metadata                  
grp_a$y$_rx_pfc_xoff         >> grp_a_rx_pfc_xoff                  
grp_a$y$_rx_port_num         >> grp_a_rx_port_num                  
grp_a$y$_rx_time_stamp       >> grp_a_rx_time_stamp                
grp_b$y$_rx_data_valid       >> grp_b_rx_data_valid                
grp_b$y$_rx_ecc              >> grp_b_rx_ecc                       
grp_b$y$_rx_flow_control_tc  >> grp_b_rx_flow_control_tc           
grp_b$y$_rx_metadata         >> grp_b_rx_metadata                  
grp_b$y$_rx_pfc_xoff         >> grp_b_rx_pfc_xoff                  
grp_b$y$_rx_port_num         >> grp_b_rx_port_num                  
grp_b$y$_rx_time_stamp       >> grp_b_rx_time_stamp                
grp_c$y$_rx_data_valid       >> grp_c_rx_data_valid                
grp_c$y$_rx_ecc              >> grp_c_rx_ecc                       
grp_c$y$_rx_flow_control_tc  >> grp_c_rx_flow_control_tc           
grp_c$y$_rx_metadata         >> grp_c_rx_metadata                  
grp_c$y$_rx_pfc_xoff         >> grp_c_rx_pfc_xoff                  
grp_c$y$_rx_port_num         >> grp_c_rx_port_num                  
grp_c$y$_rx_time_stamp       >> grp_c_rx_time_stamp                
grp_d$y$_rx_data_valid       >> grp_d_rx_data_valid                
grp_d$y$_rx_ecc              >> grp_d_rx_ecc                       
grp_d$y$_rx_flow_control_tc  >> grp_d_rx_flow_control_tc           
grp_d$y$_rx_metadata         >> grp_d_rx_metadata                  
grp_d$y$_rx_pfc_xoff         >> grp_d_rx_pfc_xoff                  
grp_d$y$_rx_port_num         >> grp_d_rx_port_num                  
grp_d$y$_rx_time_stamp       >> grp_d_rx_time_stamp                

igr$y$_vp_cpp_rx_metadata       >> igr_vp_cpp_rx_metadata                    
igr$y$_vp_rx_data_valid         >> igr_vp_rx_data_valid                      
igr$y$_vp_rx_ecc                >> igr_vp_rx_ecc                             
igr$y$_vp_rx_flow_control_tc    >> igr_vp_rx_flow_control_tc                 
igr$y$_vp_rx_metadata           >> igr_vp_rx_metadata                        
igr$y$_vp_rx_port_num           >> igr_vp_rx_port_num                        
igr$y$_vp_rx_time_stamp         >> igr_vp_rx_time_stamp                      
egr$y$_ahb                      >> egr_ahb                                   
ahb$y$_rxppe                    >> ahb_rxppe                            
ahb$y$_txppe0                   >> ahb_txppe0                            
ahb$y$_txppe1                   >> ahb_txppe1                            
grp_a$y                         >> egr_epl0                                  
grp_b$y                         >> egr_epl1                                  
grp_c$y                         >> egr_epl2                                  
grp_d$y                         >> egr_epl3                                  
glb$y$_rxppe                    >> glb_rxppe                            
glb$y$_txppe0                   >> glb_txppe0                         
glb$y$_txppe1                   >> glb_txppe1                         
egr$y$_mc_table0                >> egr_mc_table0                          
egr$y$_mc_table1                >> egr_mc_table1                          
egr$y$_pod                      >> egr_pod
egr$y$_ppestm                   >> egr_ppestm

egr$y$_tagring0_0               >> egr_tagring0_0
egr$y$_tagring0_1               >> egr_tagring0_1
egr$y$_tagring1_0               >> egr_tagring1_0
egr$y$_tagring1_1               >> egr_tagring1_1
egr$y$_tagring2_0               >> egr_tagring2_0
egr$y$_tagring2_1               >> egr_tagring2_1
egr$y$_tagring3_0               >> egr_tagring3_0
egr$y$_tagring3_1               >> egr_tagring3_1
egr$y$_tagring4_0               >> egr_tagring4_0
egr$y$_tagring4_1               >> egr_tagring4_1
egr$y$_tagring5_0               >> egr_tagring5_0
egr$y$_tagring5_1               >> egr_tagring5_1
egr$y$_tagring6_0               >> egr_tagring6_0
egr$y$_tagring6_1               >> egr_tagring6_1
egr$y$_tagring7_0               >> egr_tagring7_0
egr$y$_tagring7_1               >> egr_tagring7_1
egr$y$_tagring8_0               >> egr_tagring8_0
egr$y$_tagring8_1               >> egr_tagring8_1
egr$y$_tagring9_0               >> egr_tagring9_0
egr$y$_tagring9_1               >> egr_tagring9_1
egr$y$_tagring10_0              >> egr_tagring10_0
egr$y$_tagring10_1              >> egr_tagring10_1
egr$y$_tagring11_0              >> egr_tagring11_0
egr$y$_tagring11_1              >> egr_tagring11_1
egr$y$_tagring12_0              >> egr_tagring12_0
egr$y$_tagring12_1              >> egr_tagring12_1
egr$y$_tagring13_0              >> egr_tagring13_0
egr$y$_tagring13_1              >> egr_tagring13_1
egr$y$_tagring14_0              >> egr_tagring14_0
egr$y$_tagring14_1              >> egr_tagring14_1
egr$y$_tagring15_0              >> egr_tagring15_0
egr$y$_tagring15_1              >> egr_tagring15_1 

egr$y$_mce_tagring0             >> egr_mce_tagring0
egr$y$_mce_tagring1             >> egr_mce_tagring1
egr$y$_mce_tagring2             >> egr_mce_tagring2
egr$y$_mce_tagring3             >> egr_mce_tagring3
igr$y$_vp_tx_pfc_xoff           >> igr_vp_tx_pfc_xoff
rxppe$y$_ppestm                 >> rxppe_ppestm

mim$x$_rd0                      >> mim0_rd0
mim$x$_rd1                      >> mim0_rd1
mim$x$_rd2                      >> mim0_rd2
mim$z$_rd0                      >> mim1_rd0
mim$z$_rd1                      >> mim1_rd1
mim$z$_rd2                      >> mim1_rd2
mim$x$_wr0                      >> mim0_wr0
mim$x$_wr1                      >> mim0_wr1
mim$x$_wr2                      >> mim0_wr2
mim$z$_wr0                      >> mim1_wr0
mim$z$_wr1                      >> mim1_wr1
mim$z$_wr2                      >> mim1_wr2

