// Placeholder

$y = $iteration;

//-- Break out multi-dimensional arrays.
\{grp_a$y$_rx0_data_w_ecc[71:0], grp_a$y$_rx1_data_w_ecc[71:0], grp_a$y$_rx2_data_w_ecc[71:0], grp_a$y$_rx3_data_w_ecc[71:0], grp_a$y$_rx4_data_w_ecc[71:0], grp_a$y$_rx5_data_w_ecc[71:0], grp_a$y$_rx6_data_w_ecc[71:0], grp_a$y$_rx7_data_w_ecc[71:0]\}  >> grp_a_rx_data_w_ecc

\{grp_b$y$_rx0_data_w_ecc[71:0], grp_b$y$_rx1_data_w_ecc[71:0], grp_b$y$_rx2_data_w_ecc[71:0], grp_b$y$_rx3_data_w_ecc[71:0], grp_b$y$_rx4_data_w_ecc[71:0], grp_b$y$_rx5_data_w_ecc[71:0], grp_b$y$_rx6_data_w_ecc[71:0], grp_b$y$_rx7_data_w_ecc[71:0]\}  >> grp_b_rx_data_w_ecc

\{grp_c$y$_rx0_data_w_ecc[71:0], grp_c$y$_rx1_data_w_ecc[71:0], grp_c$y$_rx2_data_w_ecc[71:0], grp_c$y$_rx3_data_w_ecc[71:0], grp_c$y$_rx4_data_w_ecc[71:0], grp_c$y$_rx5_data_w_ecc[71:0], grp_c$y$_rx6_data_w_ecc[71:0], grp_c$y$_rx7_data_w_ecc[71:0]\}  >> grp_c_rx_data_w_ecc

\{grp_d$y$_rx0_data_w_ecc[71:0], grp_d$y$_rx1_data_w_ecc[71:0], grp_d_rx2$y$_data_w_ecc[71:0], grp_d$y$_rx3_data_w_ecc[71:0], grp_d$y$_rx4_data_w_ecc[71:0], grp_d$y$_rx5_data_w_ecc[71:0], grp_d$y$_rx6_data_w_ecc[71:0], grp_d$y$_rx7_data_w_ecc[71:0]\}  >> grp_d_rx_data_w_ecc

\{igr$y$_vp_rx0_data_w_ecc[71:0], igr$y$_vp_rx1_data_w_ecc[71:0], igr$y$_vp_rx2_data_w_ecc[71:0], igr$y$_vp_rx3_data_w_ecc[71:0], igr$y$_vp_rx4_data_w_ecc[71:0], igr$y$_vp_rx5_data_w_ecc[71:0], igr$y$_vp_rx6_data_w_ecc[71:0], igr$y$_vp_rx7_data_w_ecc[71:0]\}  >> igr_vp_rx_data_w_ecc

grp_a$y$_rx_data_valid       >> grp_a_rx_data_valid                
grp_a$y$_rx_ecc              >> grp_a_rx_ecc                       
grp_a$y$_rx_flow_control_tc  >> grp_a_rx_flow_control_tc           
grp_a$y$_rx_metadata         >> grp_a_rx_metadata                  
grp_a$y$_rx_pfc_xoff         >> grp_a_rx_pfc_xoff                  
grp_a$y$_rx_port_num         >> grp_a_rx_port_num                  
grp_a$y$_rx_time_stamp       >> grp_a_rx_time_stamp                
grp_b$y$_rx_data_valid       >> grp_b_rx_data_valid                
grp_b$y$_rx_ecc              >> grp_b_rx_ecc                       
grp_b$y$_rx_flow_control_tc  >> grp_b_rx_flow_control_tc           
grp_b$y$_rx_metadata         >> grp_b_rx_metadata                  
grp_b$y$_rx_pfc_xoff         >> grp_b_rx_pfc_xoff                  
grp_b$y$_rx_port_num         >> grp_b_rx_port_num                  
grp_b$y$_rx_time_stamp       >> grp_b_rx_time_stamp                
grp_c$y$_rx_data_valid       >> grp_c_rx_data_valid                
grp_c$y$_rx_ecc              >> grp_c_rx_ecc                       
grp_c$y$_rx_flow_control_tc  >> grp_c_rx_flow_control_tc           
grp_c$y$_rx_metadata         >> grp_c_rx_metadata                  
grp_c$y$_rx_pfc_xoff         >> grp_c_rx_pfc_xoff                  
grp_c$y$_rx_port_num         >> grp_c_rx_port_num                  
grp_c$y$_rx_time_stamp       >> grp_c_rx_time_stamp                
grp_d$y$_rx_data_valid       >> grp_d_rx_data_valid                
grp_d$y$_rx_ecc              >> grp_d_rx_ecc                       
grp_d$y$_rx_flow_control_tc  >> grp_d_rx_flow_control_tc           
grp_d$y$_rx_metadata         >> grp_d_rx_metadata                  
grp_d$y$_rx_pfc_xoff         >> grp_d_rx_pfc_xoff                  
grp_d$y$_rx_port_num         >> grp_d_rx_port_num                  
grp_d$y$_rx_time_stamp       >> grp_d_rx_time_stamp                

igr$y$_vp_cpp_rx_metadata       >> igr_vp_cpp_rx_metadata                    
igr$y$_vp_rx_data_valid         >> igr_vp_rx_data_valid                      
igr$y$_vp_rx_ecc                >> igr_vp_rx_ecc                             
igr$y$_vp_rx_flow_control_tc    >> igr_vp_rx_flow_control_tc                 
igr$y$_vp_rx_metadata           >> igr_vp_rx_metadata                        
igr$y$_vp_rx_port_num           >> igr_vp_rx_port_num                        
igr$y$_vp_rx_time_stamp         >> igr_vp_rx_time_stamp                      
egr$y$_ahb_if                   >> egr_ahb_if                                
ahb$y$_rxppe_if                 >> ahb_rx_ppe_if                         
ahb$y$_txppe0_if                >> ahb_txppe0_if                         
ahb$y$_txppe1_if                >> ahb_txppe1_if                         
grp_a$y                         >> egr_epl0_if                               
grp_b$y                         >> egr_epl1_if                               
grp_c$y                         >> egr_epl2_if                               
grp_d$y                         >> egr_epl3_if                               
glb$y$_rxppe_if                 >> glb_rx_ppe_if                         
glb$y$_txppe0_if                >> glb_txppe0_if                         
glb$y$_txppe1_if                >> glb_txppe1_if                         
egr$y$_mc_table_if0             >> egr_mc_table_if0                          
egr$y$_mc_table_if1             >> egr_mc_table_if1                          
egr$y$_pod_if                   >> egr_pod_if                                
egr$y$_ppestm_if                >> egr_ppestm_if
egr$y$_smm_readarb_if0          >> egr_smm_readarb_if0
egr$y$_smm_readarb_if2          >> egr_smm_readarb_if1
egr$y$_smm_readarb_if3          >> egr_smm_readarb_if2
egr$y$_smm_readarb_if4          >> egr_smm_readarb_if3
egr$y$_smm_readarb_if5          >> egr_smm_readarb_if4
egr$y$_smm_readarb_if1          >> egr_smm_readarb_if5
//egr$y$_smm_writearb_if          >> egr_smm_writearb_if                       
// egr$y$_statsmgmt_if            >> egr_statsmgmt_if                          

// egr$y$_tagring_if0              >> egr_tagring_if0
// egr$y$_tagring_if1              >> egr_tagring_if1
// egr$y$_tagring_if2              >> egr_tagring_if2
// egr$y$_tagring_if3              >> egr_tagring_if3
// egr$y$_tagring_if4              >> egr_tagring_if4
// egr$y$_tagring_if5              >> egr_tagring_if5
// egr$y$_tagring_if6              >> egr_tagring_if6
// egr$y$_tagring_if7              >> egr_tagring_if7
// egr$y$_tagring_if8              >> egr_tagring_if8
// egr$y$_tagring_if9              >> egr_tagring_if9
// egr$y$_tagring_if10             >> egr_tagring_if10
// egr$y$_tagring_if11             >> egr_tagring_if11
// egr$y$_tagring_if12             >> egr_tagring_if12
// egr$y$_tagring_if13             >> egr_tagring_if13
// egr$y$_tagring_if14             >> egr_tagring_if14
// egr$y$_tagring_if15             >> egr_tagring_if15
// egr$y$_tagring_if16             >> egr_tagring_if16
// egr$y$_tagring_if17             >> egr_tagring_if17
// egr$y$_tagring_if18             >> egr_tagring_if18
// egr$y$_tagring_if19             >> egr_tagring_if19
// egr$y$_tagring_if20             >> egr_tagring_if20
// egr$y$_tagring_if21             >> egr_tagring_if21
// egr$y$_tagring_if22             >> egr_tagring_if22
// egr$y$_tagring_if23             >> egr_tagring_if23
// egr$y$_tagring_if24             >> egr_tagring_if24
// egr$y$_tagring_if25             >> egr_tagring_if25
// egr$y$_tagring_if26             >> egr_tagring_if26
// egr$y$_tagring_if27             >> egr_tagring_if27
// egr$y$_tagring_if28             >> egr_tagring_if28
// egr$y$_tagring_if29             >> egr_tagring_if29
// egr$y$_tagring_if30             >> egr_tagring_if30
// egr$y$_tagring_if31             >> egr_tagring_if31                            

egr$y$_tagring_if0_0            >> egr_tagring_if0_0
egr$y$_tagring_if0_1            >> egr_tagring_if0_1
egr$y$_tagring_if1_0            >> egr_tagring_if1_0
egr$y$_tagring_if1_1            >> egr_tagring_if1_1
egr$y$_tagring_if2_0            >> egr_tagring_if2_0
egr$y$_tagring_if2_1            >> egr_tagring_if2_1
egr$y$_tagring_if3_0            >> egr_tagring_if3_0
egr$y$_tagring_if3_1            >> egr_tagring_if3_1
egr$y$_tagring_if4_0            >> egr_tagring_if4_0
egr$y$_tagring_if4_1            >> egr_tagring_if4_1
egr$y$_tagring_if5_0            >> egr_tagring_if5_0
egr$y$_tagring_if5_1            >> egr_tagring_if5_1
egr$y$_tagring_if6_0            >> egr_tagring_if6_0
egr$y$_tagring_if6_1            >> egr_tagring_if6_1
egr$y$_tagring_if7_0            >> egr_tagring_if7_0
egr$y$_tagring_if7_1            >> egr_tagring_if7_1
egr$y$_tagring_if8_0            >> egr_tagring_if8_0
egr$y$_tagring_if8_1            >> egr_tagring_if8_1
egr$y$_tagring_if9_0            >> egr_tagring_if9_0
egr$y$_tagring_if9_1            >> egr_tagring_if9_1
egr$y$_tagring_if10_0           >> egr_tagring_if10_0
egr$y$_tagring_if10_1           >> egr_tagring_if10_1
egr$y$_tagring_if11_0           >> egr_tagring_if11_0
egr$y$_tagring_if11_1           >> egr_tagring_if11_1
egr$y$_tagring_if12_0           >> egr_tagring_if12_0
egr$y$_tagring_if12_1           >> egr_tagring_if12_1
egr$y$_tagring_if13_0           >> egr_tagring_if13_0
egr$y$_tagring_if13_1           >> egr_tagring_if13_1
egr$y$_tagring_if14_0           >> egr_tagring_if14_0
egr$y$_tagring_if14_1           >> egr_tagring_if14_1
egr$y$_tagring_if15_0           >> egr_tagring_if15_0
egr$y$_tagring_if15_1           >> egr_tagring_if15_1 

egr$y$_mce_tagring_if0          >> egr_mce_tagring_if0
egr$y$_mce_tagring_if1          >> egr_mce_tagring_if1
egr$y$_mce_tagring_if2          >> egr_mce_tagring_if2
egr$y$_mce_tagring_if3          >> egr_mce_tagring_if3
igr$y$_vp_tx_pfc_xoff           >> igr_vp_tx_pfc_xoff
rxppe$y$_ppestm_if              >> rx_ppe_ppe_stm_if

i_mim$y$_wreq_credits_w0        >> i_mim_wreq_credits_w0
i_mim$y$_wreq_credits_w1        >> i_mim_wreq_credits_w1
i_mim$y$_wreq_credits_w2        >> i_mim_wreq_credits_w2
i_mim$y$_wreq_credits_w3        >> i_mim_wreq_credits_w3
i_mim$y$_wreq_credits_w4        >> i_mim_wreq_credits_w4
i_mim$y$_wreq_credits_w5        >> i_mim_wreq_credits_w5
o_mim$y$_wr_data_w0             >> o_mim_wr_data_w0
o_mim$y$_wr_data_w1             >> o_mim_wr_data_w1
o_mim$y$_wr_data_w2             >> o_mim_wr_data_w2
o_mim$y$_wr_data_w3             >> o_mim_wr_data_w3
o_mim$y$_wr_data_w4             >> o_mim_wr_data_w4
o_mim$y$_wr_data_w5             >> o_mim_wr_data_w5
o_mim$y$_wr_seg_ptr_w0          >> o_mim_wr_seg_ptr_w0
o_mim$y$_wr_seg_ptr_w1          >> o_mim_wr_seg_ptr_w1
o_mim$y$_wr_seg_ptr_w2          >> o_mim_wr_seg_ptr_w2
o_mim$y$_wr_seg_ptr_w3          >> o_mim_wr_seg_ptr_w3
o_mim$y$_wr_seg_ptr_w4          >> o_mim_wr_seg_ptr_w4
o_mim$y$_wr_seg_ptr_w5          >> o_mim_wr_seg_ptr_w5
o_mim$y$_wr_sema_w0             >> o_mim_wr_sema_w0
o_mim$y$_wr_sema_w1             >> o_mim_wr_sema_w1
o_mim$y$_wr_sema_w2             >> o_mim_wr_sema_w2
o_mim$y$_wr_sema_w3             >> o_mim_wr_sema_w3
o_mim$y$_wr_sema_w4             >> o_mim_wr_sema_w4
o_mim$y$_wr_sema_w5             >> o_mim_wr_sema_w5
o_mim$y$_wr_wd_sel_w0           >> o_mim_wr_wd_sel_w0
o_mim$y$_wr_wd_sel_w1           >> o_mim_wr_wd_sel_w1
o_mim$y$_wr_wd_sel_w2           >> o_mim_wr_wd_sel_w2
o_mim$y$_wr_wd_sel_w3           >> o_mim_wr_wd_sel_w3
o_mim$y$_wr_wd_sel_w4           >> o_mim_wr_wd_sel_w4
o_mim$y$_wr_wd_sel_w5           >> o_mim_wr_wd_sel_w5
o_mim$y$_wreq_id_w0             >> o_mim_wreq_id_w0
o_mim$y$_wreq_id_w1             >> o_mim_wreq_id_w1
o_mim$y$_wreq_id_w2             >> o_mim_wreq_id_w2
o_mim$y$_wreq_id_w3             >> o_mim_wreq_id_w3
o_mim$y$_wreq_id_w4             >> o_mim_wreq_id_w4
o_mim$y$_wreq_id_w5             >> o_mim_wreq_id_w5
o_mim$y$_wreq_valid_w0          >> o_mim_wreq_valid_w0
o_mim$y$_wreq_valid_w1          >> o_mim_wreq_valid_w1
o_mim$y$_wreq_valid_w2          >> o_mim_wreq_valid_w2
o_mim$y$_wreq_valid_w3          >> o_mim_wreq_valid_w3
o_mim$y$_wreq_valid_w4          >> o_mim_wreq_valid_w4
o_mim$y$_wreq_valid_w5          >> o_mim_wreq_valid_w5

