// Placeholder

$y = $iteration;

grp_A$y$_rx_data_valid       >> grp_A_rx_data_valid                
grp_A$y$_rx_data_w_ecc       >> grp_A_rx_data_w_ecc                
grp_A$y$_rx_ecc              >> grp_A_rx_ecc                       
grp_A$y$_rx_flow_control_tc  >> grp_A_rx_flow_control_tc           
grp_A$y$_rx_metadata         >> grp_A_rx_metadata                  
grp_A$y$_rx_pfc_xoff         >> grp_A_rx_pfc_xoff                  
grp_A$y$_rx_port_num         >> grp_A_rx_port_num                  
grp_A$y$_rx_time_stamp       >> grp_A_rx_time_stamp                
grp_B$y$_rx_data_valid       >> grp_B_rx_data_valid                
grp_B$y$_rx_data_w_ecc       >> grp_B_rx_data_w_ecc                
grp_B$y$_rx_ecc              >> grp_B_rx_ecc                       
grp_B$y$_rx_flow_control_tc  >> grp_B_rx_flow_control_tc           
grp_B$y$_rx_metadata         >> grp_B_rx_metadata                  
grp_B$y$_rx_pfc_xoff         >> grp_B_rx_pfc_xoff                  
grp_B$y$_rx_port_num         >> grp_B_rx_port_num                  
grp_B$y$_rx_time_stamp       >> grp_B_rx_time_stamp                
grp_C$y$_rx_data_valid       >> grp_C_rx_data_valid                
grp_C$y$_rx_data_w_ecc       >> grp_C_rx_data_w_ecc                
grp_C$y$_rx_ecc              >> grp_C_rx_ecc                       
grp_C$y$_rx_flow_control_tc  >> grp_C_rx_flow_control_tc           
grp_C$y$_rx_metadata         >> grp_C_rx_metadata                  
grp_C$y$_rx_pfc_xoff         >> grp_C_rx_pfc_xoff                  
grp_C$y$_rx_port_num         >> grp_C_rx_port_num                  
grp_C$y$_rx_time_stamp       >> grp_C_rx_time_stamp                
grp_D$y$_rx_data_valid       >> grp_D_rx_data_valid                
grp_D$y$_rx_data_w_ecc       >> grp_D_rx_data_w_ecc                
grp_D$y$_rx_ecc              >> grp_D_rx_ecc                       
grp_D$y$_rx_flow_control_tc  >> grp_D_rx_flow_control_tc           
grp_D$y$_rx_metadata         >> grp_D_rx_metadata                  
grp_D$y$_rx_pfc_xoff         >> grp_D_rx_pfc_xoff                  
grp_D$y$_rx_port_num         >> grp_D_rx_port_num                  
grp_D$y$_rx_time_stamp       >> grp_D_rx_time_stamp                

igr$y$_vp_cpp_rx_metadata       >> igr_vp_cpp_rx_metadata                    
igr$y$_vp_rx_data_valid         >> igr_vp_rx_data_valid                      
igr$y$_vp_rx_data_w_ecc         >> igr_vp_rx_data_w_ecc                      
igr$y$_vp_rx_ecc                >> igr_vp_rx_ecc                             
igr$y$_vp_rx_flow_control_tc    >> igr_vp_rx_flow_control_tc                 
igr$y$_vp_rx_metadata           >> igr_vp_rx_metadata                        
igr$y$_vp_rx_port_num           >> igr_vp_rx_port_num                        
igr$y$_vp_rx_time_stamp         >> igr_vp_rx_time_stamp                      
egr$y$_ahb_if                   >> egr_ahb_if                                
ahb$y$_rx_ppe_if                >> ahb_rx_ppe_if                         
ahb$y$_txppe0_if                >> ahb_txppe0_if                         
ahb$y$_txppe1_if                >> ahb_txppe1_if                         
egr$y$_epl0_if                  >> egr_epl0_if                               
egr$y$_epl1_if                  >> egr_epl1_if                               
egr$y$_epl2_if                  >> egr_epl2_if                               
egr$y$_epl3_if                  >> egr_epl3_if                               
glb$y$_rx_ppe_if                >> glb_rx_ppe_if                         
glb$y$_txppe0_if                >> glb_txppe0_if                         
glb$y$_txppe1_if                >> glb_txppe1_if                         
egr$y$_mc_table_if0             >> egr_mc_table_if0                          
egr$y$_mc_table_if1             >> egr_mc_table_if1                          
egr$y$_pod_if                   >> egr_pod_if                                
egr$y$_ppestm_if                >> egr_ppestm_if
egr$y$_smm_readarb_if           >> egr_smm_readarb_if                        
egr$y$_smm_writearb_if          >> egr_smm_writearb_if                       
egr$y$_statsmgmt_if             >> egr_statsmgmt_if                          
egr$y$_tagring_if               >> egr_tagring_if                            
egr$y$_vp_if0                   >> egr_vp_if0                                
egr$y$_vp_if1                   >> egr_vp_if1                                
igr$y$_vp_tx_pfc_xoff           >> igr_vp_tx_pfc_xoff
rxppe$y$_ppestm_if              >> rx_ppe_ppe_stm_if
