foreach $i (0..2) {
    >> EM_A_KEY_MASK_$i$_CFG_reg_sel
    >> EM_A_KEY_MASK_$i$_STATUS_reg_sel
    >> em_a_key_mask_$i$_mem_ls_enter
    >> em_a_key_mask_$i$_rd_adr
    >> em_a_key_mask_$i$_rd_en
    >> em_a_key_mask_$i$_wr_adr
    >> em_a_key_mask_$i$_wr_data
    >> em_a_key_mask_$i$_wr_en
    >> em_a_key_mask_$i$_ecc_uncor_err
    >> em_a_key_mask_$i$_init_done
    >> em_a_key_mask_$i$_rd_data
    >> em_a_key_mask_$i$_rd_valid
}

foreach $i (0..3) {
    >> EM_A_DELAY_FIFO_$i$_CFG_reg_sel
    >> EM_A_DELAY_FIFO_$i$_STATUS_reg_sel
    >> em_a_delay_fifo_$i$_mem_ls_enter
    >> em_a_delay_fifo_$i$_rd_adr
    >> em_a_delay_fifo_$i$_rd_en
    >> em_a_delay_fifo_$i$_wr_adr
    >> em_a_delay_fifo_$i$_wr_data
    >> em_a_delay_fifo_$i$_wr_en
    >> em_a_delay_fifo_$i$_ecc_uncor_err
    >> em_a_delay_fifo_$i$_init_done
    >> em_a_delay_fifo_$i$_rd_data
    >> em_a_delay_fifo_$i$_rd_valid
}

    >> EM_A_HASH_CFG_CFG_reg_sel
    >> EM_A_HASH_CFG_STATUS_reg_sel
    >> em_a_hash_cfg_mem_ls_enter
    >> em_a_hash_cfg_rd_adr
    >> em_a_hash_cfg_rd_en
    >> em_a_hash_cfg_wr_adr
    >> em_a_hash_cfg_wr_data
    >> em_a_hash_cfg_wr_en
    >> em_a_hash_cfg_ecc_uncor_err
    >> em_a_hash_cfg_init_done
    >> em_a_hash_cfg_rd_data
    >> em_a_hash_cfg_rd_valid

    >> EM_A_HASH_LOOKUP_CFG_reg_sel
    >> EM_A_HASH_LOOKUP_STATUS_reg_sel
    >> em_a_hash_lookup_adr
    >> em_a_hash_lookup_mem_ls_enter
    >> em_a_hash_lookup_rd_en
    >> em_a_hash_lookup_wr_data
    >> em_a_hash_lookup_wr_en
    >> em_a_hash_lookup_ecc_uncor_err
    >> em_a_hash_lookup_init_done
    >> em_a_hash_lookup_rd_data
    >> em_a_hash_lookup_rd_valid

    >> EM_A_HASH_MISS_CFG_reg_sel
    >> EM_A_HASH_MISS_STATUS_reg_sel
    >> em_a_hash_miss_mem_ls_enter
    >> em_a_hash_miss_rd_adr
    >> em_a_hash_miss_rd_en
    >> em_a_hash_miss_wr_adr
    >> em_a_hash_miss_wr_data
    >> em_a_hash_miss_wr_en
    >> em_a_hash_miss_ecc_uncor_err
    >> em_a_hash_miss_init_done
    >> em_a_hash_miss_rd_data
    >> em_a_hash_miss_rd_valid

    >> CLASSIFIER_ECC_COR_ERR_reg_sel
    >> CLASSIFIER_ECC_UNCOR_ERR_reg_sel
    >> unified_regs_rd
    >> unified_regs_wr_data
    >> classifier_ecc_int
    >> classifier_init_done
    >> unified_regs_ack
    >> unified_regs_rd_data
    >> CLASSIFIER_ECC_COR_ERR_reg_sel
    >> CLASSIFIER_ECC_COR_ERR_reg_sel
    >> CLASSIFIER_ECC_COR_ERR_reg_sel

    >> EM_B_KEY_MASK_CFG_reg_sel
    >> EM_B_KEY_MASK_STATUS_reg_sel
    >> em_b_key_mask_mem_ls_enter
    >> em_b_key_mask_rd_adr
    >> em_b_key_mask_rd_en
    >> em_b_key_mask_wr_adr
    >> em_b_key_mask_wr_data
    >> em_b_key_mask_wr_en
    >> em_b_key_mask_ecc_uncor_err
    >> em_b_key_mask_init_done
    >> em_b_key_mask_rd_data
    >> em_b_key_mask_rd_valid

    >> EM_B_HASH_CFG_CFG_reg_sel
    >> EM_B_HASH_CFG_STATUS_reg_sel
    >> em_b_hash_cfg_mem_ls_enter
    >> em_b_hash_cfg_rd_adr
    >> em_b_hash_cfg_rd_en
    >> em_b_hash_cfg_wr_adr
    >> em_b_hash_cfg_wr_data
    >> em_b_hash_cfg_wr_en
    >> em_b_hash_cfg_ecc_uncor_err
    >> em_b_hash_cfg_init_done
    >> em_b_hash_cfg_rd_data
    >> em_b_hash_cfg_rd_valid

    >> EM_B_HASH_LOOKUP_CFG_reg_sel
    >> EM_B_HASH_LOOKUP_STATUS_reg_sel
    >> em_b_hash_lookup_adr
    >> em_b_hash_lookup_mem_ls_enter
    >> em_b_hash_lookup_rd_en
    >> em_b_hash_lookup_wr_data
    >> em_b_hash_lookup_wr_en
    >> em_b_hash_lookup_ecc_uncor_err
    >> em_b_hash_lookup_init_done
    >> em_b_hash_lookup_rd_data
    >> em_b_hash_lookup_rd_valid

    >> EM_B_HASH_MISS_CFG_reg_sel
    >> EM_B_HASH_MISS_STATUS_reg_sel
    >> em_b_hash_miss_mem_ls_enter
    >> em_b_hash_miss_rd_adr
    >> em_b_hash_miss_rd_en
    >> em_b_hash_miss_wr_adr
    >> em_b_hash_miss_wr_data
    >> em_b_hash_miss_wr_en
    >> em_b_hash_miss_ecc_uncor_err
    >> em_b_hash_miss_init_done
    >> em_b_hash_miss_rd_data
    >> em_b_hash_miss_rd_valid

foreach $i (0..1) {
    >> WCM_ACTION_CFG_$i$_CFG_reg_sel
    >> WCM_ACTION_CFG_$i$_STATUS_reg_sel
    >> wcm_action_cfg_$i$_adr
    >> wcm_action_cfg_$i$_mem_ls_enter
    >> wcm_action_cfg_$i$_rd_en
    >> wcm_action_cfg_$i$_wr_data
    >> wcm_action_cfg_$i$_wr_en
    >> wcm_action_cfg_$i$_ecc_uncor_err
    >> wcm_action_cfg_$i$_init_done
    >> wcm_action_cfg_$i$_rd_data
    >> wcm_action_cfg_$i$_rd_valid
}

foreach $i (0..23) {
    >> WCM_ACTION_RAM_$i$_CFG_reg_sel
    >> WCM_ACTION_RAM_$i$_STATUS_reg_sel
    >> wcm_action_ram_$i$_adr
    >> wcm_action_ram_$i$_mem_ls_enter
    >> wcm_action_ram_$i$_rd_en
    >> wcm_action_ram_$i$_wr_data
    >> wcm_action_ram_$i$_wr_en
    >> wcm_action_ram_$i$_ecc_uncor_err
    >> wcm_action_ram_$i$_init_done
    >> wcm_action_ram_$i$_rd_data
    >> wcm_action_ram_$i$_rd_valid
}

foreach $i (0..19) {
    >> WCM_DATA_PATH_BUFFER1_$i$_CFG_reg_sel
    >> WCM_DATA_PATH_BUFFER1_$i$_STATUS_reg_sel
    >> wcm_data_path_buffer1_$i$_mem_ls_enter
    >> wcm_data_path_buffer1_$i$_rd_adr
    >> wcm_data_path_buffer1_$i$_rd_en
    >> wcm_data_path_buffer1_$i$_wr_adr
    >> wcm_data_path_buffer1_$i$_wr_data
    >> wcm_data_path_buffer1_$i$_wr_en
    >> wcm_data_path_buffer1_$i$_ecc_uncor_err
    >> wcm_data_path_buffer1_$i$_init_done
    >> wcm_data_path_buffer1_$i$_rd_data
    >> wcm_data_path_buffer1_$i$_rd_valid

    >> WCM_TCAM_$i$_CFG_reg_sel
    >> WCM_TCAM_$i$_STATUS_reg_sel
    >> wcm_tcam_$i$_adr
    >> wcm_tcam_$i$_chk_en
    >> wcm_tcam_$i$_chk_for_err_trig
    >> wcm_tcam_$i$_chk_key
    >> wcm_tcam_$i$_chk_mask
    >> wcm_tcam_$i$_raw_hit_in
    >> wcm_tcam_$i$_rd_en
    >> wcm_tcam_$i$_slice_en
    >> wcm_tcam_$i$_wr_data
    >> wcm_tcam_$i$_wr_en
    >> wcm_tcam_$i$_ecc_uncor_err
    >> wcm_tcam_$i$_init_done
    >> wcm_tcam_$i$_raw_hit_out
    >> wcm_tcam_$i$_rd_data
    >> wcm_tcam_$i$_rule_hit_num
    >> wcm_tcam_$i$_rule_hit_num_vld
    >> wcm_tcam_$i$_tcam_chk_rdy
    >> wcm_tcam_$i$_tcam_chk_valid
    >> wcm_tcam_$i$_tcam_rd_valid
    >> wcm_tcam_$i$_tcam_rdwr_rdy

    >> WCM_TCAM_CFG_RAM_$i$_CFG_reg_sel
    >> WCM_TCAM_CFG_RAM_$i$_STATUS_reg_sel
    >> wcm_tcam_cfg_ram_$i$_adr
    >> wcm_tcam_cfg_ram_$i$_mem_ls_enter
    >> wcm_tcam_cfg_ram_$i$_rd_en
    >> wcm_tcam_cfg_ram_$i$_wr_data
    >> wcm_tcam_cfg_ram_$i$_wr_en
    >> wcm_tcam_cfg_ram_$i$_ecc_uncor_err
    >> wcm_tcam_cfg_ram_$i$_init_done
    >> wcm_tcam_cfg_ram_$i$_rd_data
    >> wcm_tcam_cfg_ram_$i$_rd_valid
}

    >> WCM_DATA_PATH_BUFFER0_CFG_reg_sel
    >> WCM_DATA_PATH_BUFFER0_STATUS_reg_sel
    >> wcm_data_path_buffer0_mem_ls_enter
    >> wcm_data_path_buffer0_rd_adr
    >> wcm_data_path_buffer0_rd_en
    >> wcm_data_path_buffer0_wr_adr
    >> wcm_data_path_buffer0_wr_data
    >> wcm_data_path_buffer0_wr_en
    >> wcm_data_path_buffer0_ecc_uncor_err
    >> wcm_data_path_buffer0_init_done
    >> wcm_data_path_buffer0_rd_data
    >> wcm_data_path_buffer0_rd_valid

foreach $i (0..95) {
    >> LPM_TREE_STATE_$i$_CFG_reg_sel
    >> LPM_TREE_STATE_$i$_STATUS_reg_sel
    >> lpm_tree_state_$i$_adr
    >> lpm_tree_state_$i$_mem_ls_enter
    >> lpm_tree_state_$i$_rd_en
    >> lpm_tree_state_$i$_wr_data
    >> lpm_tree_state_$i$_wr_en
    >> lpm_tree_state_$i$_ecc_uncor_err
    >> lpm_tree_state_$i$_init_done
    >> lpm_tree_state_$i$_rd_data
    >> lpm_tree_state_$i$_rd_valid
}

    >> LPM_KEY_CAM_CFG_reg_sel
    >> LPM_KEY_CAM_STATUS_reg_sel
    >> lpm_key_cam_adr
    >> lpm_key_cam_chk_en
    >> lpm_key_cam_chk_for_err_trig
    >> lpm_key_cam_chk_key
    >> lpm_key_cam_chk_mask
    >> lpm_key_cam_raw_hit_in
    >> lpm_key_cam_rd_en
    >> lpm_key_cam_slice_en
    >> lpm_key_cam_wr_data
    >> lpm_key_cam_wr_en
    >> lpm_key_cam_ecc_uncor_err
    >> lpm_key_cam_init_done
    >> lpm_key_cam_raw_hit_out
    >> lpm_key_cam_rd_data
    >> lpm_key_cam_rule_hit_num
    >> lpm_key_cam_rule_hit_num_vld
    >> lpm_key_cam_tcam_chk_rdy
    >> lpm_key_cam_tcam_chk_valid
    >> lpm_key_cam_tcam_rd_valid
    >> lpm_key_cam_tcam_rdwr_rdy

foreach $i (0..2) {
    >> MAP_EXTRACT_$i$_CFG_reg_sel
    >> MAP_EXTRACT_$i$_STATUS_reg_sel
    >> map_extract_$i$_mem_ls_enter
    >> map_extract_$i$_rd_adr
    >> map_extract_$i$_rd_en
    >> map_extract_$i$_wr_adr
    >> map_extract_$i$_wr_data
    >> map_extract_$i$_wr_en
    >> map_extract_$i$_ecc_uncor_err
    >> map_extract_$i$_init_done
    >> map_extract_$i$_rd_data
    >> map_extract_$i$_rd_valid
}

foreach $i (0..32) {
    >> MAP_PORT_DEFAULT_$i$_CFG_reg_sel
    >> MAP_PORT_DEFAULT_$i$_STATUS_reg_sel
    >> map_port_default_$i$_mem_ls_enter
    >> map_port_default_$i$_rd_adr
    >> map_port_default_$i$_rd_en
    >> map_port_default_$i$_wr_adr
    >> map_port_default_$i$_wr_data
    >> map_port_default_$i$_wr_en
    >> map_port_default_$i$_ecc_uncor_err
    >> map_port_default_$i$_init_done
    >> map_port_default_$i$_rd_data
    >> map_port_default_$i$_rd_valid
}

    >> MAP_DOMAIN_ACTION0_CFG_reg_sel
    >> MAP_DOMAIN_ACTION0_STATUS_reg_sel
    >> map_domain_action0_adr
    >> map_domain_action0_mem_ls_enter
    >> map_domain_action0_rd_en
    >> map_domain_action0_wr_data
    >> map_domain_action0_wr_en
    >> map_domain_action0_ecc_uncor_err
    >> map_domain_action0_init_done
    >> map_domain_action0_rd_data
    >> map_domain_action0_rd_valid

    >> MAP_DOMAIN_ACTION1_CFG_reg_sel
    >> MAP_DOMAIN_ACTION1_STATUS_reg_sel
    >> map_domain_action1_adr
    >> map_domain_action1_mem_ls_enter
    >> map_domain_action1_rd_en
    >> map_domain_action1_wr_data
    >> map_domain_action1_wr_en
    >> map_domain_action1_ecc_uncor_err
    >> map_domain_action1_init_done
    >> map_domain_action1_rd_data
    >> map_domain_action1_rd_valid

    >> MAP_DOMAIN_POL_CFG_CFG_reg_sel
    >> MAP_DOMAIN_POL_CFG_STATUS_reg_sel
    >> map_domain_pol_cfg_mem_ls_enter
    >> map_domain_pol_cfg_rd_adr
    >> map_domain_pol_cfg_rd_en
    >> map_domain_pol_cfg_wr_adr
    >> map_domain_pol_cfg_wr_data
    >> map_domain_pol_cfg_wr_en
    >> map_domain_pol_cfg_ecc_uncor_err
    >> map_domain_pol_cfg_init_done
    >> map_domain_pol_cfg_rd_data
    >> map_domain_pol_cfg_rd_valid

    >> MAP_DOMAIN_PROFILE_CFG_reg_sel
    >> MAP_DOMAIN_PROFILE_STATUS_reg_sel
    >> map_domain_profile_adr
    >> map_domain_profile_mem_ls_enter
    >> map_domain_profile_rd_en
    >> map_domain_profile_wr_data
    >> map_domain_profile_wr_en
    >> map_domain_profile_ecc_uncor_err
    >> map_domain_profile_init_done
    >> map_domain_profile_rd_data
    >> map_domain_profile_rd_valid

    >> MAP_DOMAIN_TCAM_CFG_reg_sel
    >> MAP_DOMAIN_TCAM_STATUS_reg_sel
    >> map_domain_tcam_adr
    >> map_domain_tcam_chk_en
    >> map_domain_tcam_chk_for_err_trig
    >> map_domain_tcam_chk_key
    >> map_domain_tcam_chk_mask
    >> map_domain_tcam_raw_hit_in
    >> map_domain_tcam_rd_en
    >> map_domain_tcam_slice_en
    >> map_domain_tcam_wr_data
    >> map_domain_tcam_wr_en
    >> map_domain_tcam_ecc_uncor_err
    >> map_domain_tcam_init_done
    >> map_domain_tcam_raw_hit_out
    >> map_domain_tcam_rd_data
    >> map_domain_tcam_rule_hit_num
    >> map_domain_tcam_rule_hit_num_vld
    >> map_domain_tcam_tcam_chk_rdy
    >> map_domain_tcam_tcam_chk_valid
    >> map_domain_tcam_tcam_rd_valid
    >> map_domain_tcam_tcam_rdwr_rdy

    >> MAP_DSCP_TC_CFG_reg_sel
    >> MAP_DSCP_TC_STATUS_reg_sel
    >> map_dscp_tc_adr
    >> map_dscp_tc_mem_ls_enter
    >> map_dscp_tc_rd_en
    >> map_dscp_tc_wr_data
    >> map_dscp_tc_wr_en
    >> map_dscp_tc_ecc_uncor_err
    >> map_dscp_tc_init_done
    >> map_dscp_tc_rd_data
    >> map_dscp_tc_rd_valid

    >> MAP_EXP_TC_CFG_reg_sel
    >> MAP_EXP_TC_STATUS_reg_sel
    >> map_exp_tc_mem_ls_enter
    >> map_exp_tc_rd_adr
    >> map_exp_tc_rd_en
    >> map_exp_tc_wr_adr
    >> map_exp_tc_wr_data
    >> map_exp_tc_wr_en
    >> map_exp_tc_ecc_uncor_err
    >> map_exp_tc_init_done
    >> map_exp_tc_rd_data
    >> map_exp_tc_rd_valid

    >> MAP_IP_CFG_CFG_reg_sel
    >> MAP_IP_CFG_STATUS_reg_sel
    >> map_ip_cfg_mem_ls_enter
    >> map_ip_cfg_rd_adr
    >> map_ip_cfg_rd_en
    >> map_ip_cfg_wr_adr
    >> map_ip_cfg_wr_data
    >> map_ip_cfg_wr_en
    >> map_ip_cfg_ecc_uncor_err
    >> map_ip_cfg_init_done
    >> map_ip_cfg_rd_data
    >> map_ip_cfg_rd_valid

    >> MAP_IP_HI_CFG_reg_sel
    >> MAP_IP_HI_STATUS_reg_sel
    >> map_ip_hi_mem_ls_enter
    >> map_ip_hi_rd_adr
    >> map_ip_hi_rd_en
    >> map_ip_hi_wr_adr
    >> map_ip_hi_wr_data
    >> map_ip_hi_wr_en
    >> map_ip_hi_ecc_uncor_err
    >> map_ip_hi_init_done
    >> map_ip_hi_rd_data
    >> map_ip_hi_rd_valid

    >> MAP_IP_LO_CFG_reg_sel
    >> MAP_IP_LO_STATUS_reg_sel
    >> map_ip_lo_mem_ls_enter
    >> map_ip_lo_rd_adr
    >> map_ip_lo_rd_en
    >> map_ip_lo_wr_adr
    >> map_ip_lo_wr_data
    >> map_ip_lo_wr_en
    >> map_ip_lo_ecc_uncor_err
    >> map_ip_lo_init_done
    >> map_ip_lo_rd_data
    >> map_ip_lo_rd_valid

    >> MAP_L4_DST_CFG_reg_sel
    >> MAP_L4_DST_STATUS_reg_sel
    >> map_l4_dst_adr
    >> map_l4_dst_mem_ls_enter
    >> map_l4_dst_rd_en
    >> map_l4_dst_wr_data
    >> map_l4_dst_wr_en
    >> map_l4_dst_ecc_uncor_err
    >> map_l4_dst_init_done
    >> map_l4_dst_rd_data
    >> map_l4_dst_rd_valid

    >> MAP_L4_SRC_CFG_reg_sel
    >> MAP_L4_SRC_STATUS_reg_sel
    >> map_l4_src_adr
    >> map_l4_src_mem_ls_enter
    >> map_l4_src_rd_en
    >> map_l4_src_wr_data
    >> map_l4_src_wr_en
    >> map_l4_src_ecc_uncor_err
    >> map_l4_src_init_done
    >> map_l4_src_rd_data
    >> map_l4_src_rd_valid

    >> MAP_LEN_LIMIT_CFG_reg_sel
    >> MAP_LEN_LIMIT_STATUS_reg_sel
    >> map_len_limit_mem_ls_enter
    >> map_len_limit_rd_adr
    >> map_len_limit_rd_en
    >> map_len_limit_wr_adr
    >> map_len_limit_wr_data
    >> map_len_limit_wr_en
    >> map_len_limit_ecc_uncor_err
    >> map_len_limit_init_done
    >> map_len_limit_rd_data
    >> map_len_limit_rd_valid

    >> MAP_MAC_CFG_reg_sel
    >> MAP_MAC_STATUS_reg_sel
    >> map_mac_adr
    >> map_mac_mem_ls_enter
    >> map_mac_rd_en
    >> map_mac_wr_data
    >> map_mac_wr_en
    >> map_mac_ecc_uncor_err
    >> map_mac_init_done
    >> map_mac_rd_data
    >> map_mac_rd_valid

    >> MAP_PORT_CFG_CFG_reg_sel
    >> MAP_PORT_CFG_STATUS_reg_sel
    >> map_port_cfg_mem_ls_enter
    >> map_port_cfg_rd_adr
    >> map_port_cfg_rd_en
    >> map_port_cfg_wr_adr
    >> map_port_cfg_wr_data
    >> map_port_cfg_wr_en
    >> map_port_cfg_ecc_uncor_err
    >> map_port_cfg_init_done
    >> map_port_cfg_rd_data
    >> map_port_cfg_rd_valid

    >> MAP_PORT_CFG_reg_sel
    >> MAP_PORT_STATUS_reg_sel
    >> map_port_mem_ls_enter
    >> map_port_rd_adr
    >> map_port_rd_en
    >> map_port_wr_adr
    >> map_port_wr_data
    >> map_port_wr_en
    >> map_port_ecc_uncor_err
    >> map_port_init_done
    >> map_port_rd_data
    >> map_port_rd_valid

    >> MAP_PROFILE_ACTION_CFG_reg_sel
    >> MAP_PROFILE_ACTION_STATUS_reg_sel
    >> map_profile_action_adr
    >> map_profile_action_mem_ls_enter
    >> map_profile_action_rd_en
    >> map_profile_action_wr_data
    >> map_profile_action_wr_en
    >> map_profile_action_ecc_uncor_err
    >> map_profile_action_init_done
    >> map_profile_action_rd_data
    >> map_profile_action_rd_valid

    >> MAP_PROFILE_KEY0_CFG_reg_sel
    >> MAP_PROFILE_KEY0_STATUS_reg_sel
    >> map_profile_key0_mem_ls_enter
    >> map_profile_key0_rd_adr
    >> map_profile_key0_rd_en
    >> map_profile_key0_wr_adr
    >> map_profile_key0_wr_data
    >> map_profile_key0_wr_en
    >> map_profile_key0_ecc_uncor_err
    >> map_profile_key0_init_done
    >> map_profile_key0_rd_data
    >> map_profile_key0_rd_valid

    >> MAP_PROFILE_KEY1_CFG_reg_sel
    >> MAP_PROFILE_KEY1_STATUS_reg_sel
    >> map_profile_key1_mem_ls_enter
    >> map_profile_key1_rd_adr
    >> map_profile_key1_rd_en
    >> map_profile_key1_wr_adr
    >> map_profile_key1_wr_data
    >> map_profile_key1_wr_en
    >> map_profile_key1_ecc_uncor_err
    >> map_profile_key1_init_done
    >> map_profile_key1_rd_data
    >> map_profile_key1_rd_valid

    >> MAP_PROFILE_KEY_INVERT0_CFG_reg_sel
    >> MAP_PROFILE_KEY_INVERT0_STATUS_reg_sel
    >> map_profile_key_invert0_mem_ls_enter
    >> map_profile_key_invert0_rd_adr
    >> map_profile_key_invert0_rd_en
    >> map_profile_key_invert0_wr_adr
    >> map_profile_key_invert0_wr_data
    >> map_profile_key_invert0_wr_en
    >> map_profile_key_invert0_ecc_uncor_err
    >> map_profile_key_invert0_init_done
    >> map_profile_key_invert0_rd_data
    >> map_profile_key_invert0_rd_valid

    >> MAP_PROFILE_KEY_INVERT1_CFG_reg_sel
    >> MAP_PROFILE_KEY_INVERT1_STATUS_reg_sel
    >> map_profile_key_invert1_mem_ls_enter
    >> map_profile_key_invert1_rd_adr
    >> map_profile_key_invert1_rd_en
    >> map_profile_key_invert1_wr_adr
    >> map_profile_key_invert1_wr_data
    >> map_profile_key_invert1_wr_en
    >> map_profile_key_invert1_ecc_uncor_err
    >> map_profile_key_invert1_init_done
    >> map_profile_key_invert1_rd_data
    >> map_profile_key_invert1_rd_valid

    >> MAP_PROT_CFG_reg_sel
    >> MAP_PROT_STATUS_reg_sel
    >> map_prot_mem_ls_enter
    >> map_prot_rd_adr
    >> map_prot_rd_en
    >> map_prot_wr_adr
    >> map_prot_wr_data
    >> map_prot_wr_en
    >> map_prot_ecc_uncor_err
    >> map_prot_init_done
    >> map_prot_rd_data
    >> map_prot_rd_valid

    >> MAP_REWRITE_CFG_reg_sel
    >> MAP_REWRITE_STATUS_reg_sel
    >> map_rewrite_mem_ls_enter
    >> map_rewrite_rd_adr
    >> map_rewrite_rd_en
    >> map_rewrite_wr_adr
    >> map_rewrite_wr_data
    >> map_rewrite_wr_en
    >> map_rewrite_ecc_uncor_err
    >> map_rewrite_init_done
    >> map_rewrite_rd_data
    >> map_rewrite_rd_valid

    >> MAP_TYPE_CFG_reg_sel
    >> MAP_TYPE_STATUS_reg_sel
    >> map_type_mem_ls_enter
    >> map_type_rd_adr
    >> map_type_rd_en
    >> map_type_wr_adr
    >> map_type_wr_data
    >> map_type_wr_en
    >> map_type_ecc_uncor_err
    >> map_type_init_done
    >> map_type_rd_data
    >> map_type_rd_valid

    >> MAP_VPRI_CFG_reg_sel
    >> MAP_VPRI_STATUS_reg_sel
    >> map_vpri_mem_ls_enter
    >> map_vpri_rd_adr
    >> map_vpri_rd_en
    >> map_vpri_wr_adr
    >> map_vpri_wr_data
    >> map_vpri_wr_en
    >> map_vpri_ecc_uncor_err
    >> map_vpri_init_done
    >> map_vpri_rd_data
    >> map_vpri_rd_valid

    >> MAP_VPRI_TC_CFG_reg_sel
    >> MAP_VPRI_TC_STATUS_reg_sel
    >> map_vpri_tc_mem_ls_enter
    >> map_vpri_tc_rd_adr
    >> map_vpri_tc_rd_en
    >> map_vpri_tc_wr_adr
    >> map_vpri_tc_wr_data
    >> map_vpri_tc_wr_en
    >> map_vpri_tc_ecc_uncor_err
    >> map_vpri_tc_init_done
    >> map_vpri_tc_rd_data
    >> map_vpri_tc_rd_valid

    >> CLASSIFIER_ECC_COR_ERR_reg_sel
    >> CLASSIFIER_ECC_UNCOR_ERR_reg_sel
    >> unified_regs_rd
    >> unified_regs_wr_data
    >> classifier_ecc_int
    >> classifier_init_done
    >> unified_regs_ack
    >> unified_regs_rd_data
    >> CLASSIFIER_ECC_COR_ERR_reg_sel
    >> CLASSIFIER_ECC_COR_ERR_reg_sel
    >> CLASSIFIER_ECC_COR_ERR_reg_sel

    >> classifier_wcm_tcam_from_tcam
    >> classifier_wcm_tcam_to_tcam

cclk    >> clk
reset_n >> reset_n
